../Core/Src/main.c:114:6:standby_data	8	static
../Core/Src/main.c:138:6:screen_status_data	8	static
../Core/Src/main.c:159:6:Qc_data	8	static
../Core/Src/main.c:179:6:pd_data	8	static
../Core/Src/main.c:198:6:dc9v_data	8	static
../Core/Src/main.c:219:6:dc12v_data	8	static
../Core/Src/main.c:238:6:AC_data	8	static
../Core/Src/main.c:258:6:initail_condition_off	8	static
../Core/Src/main.c:264:6:uart1_test_serial_data	0	static
../Core/Src/main.c:293:9:decToBcd	0	static
../Core/Src/main.c:299:5:bcdToDec	0	static
../Core/Src/main.c:320:6:set_time	40	static,ignoring_inline_asm
../Core/Src/main.c:335:6:set_date	16	static,ignoring_inline_asm
../Core/Src/main.c:351:6:get_time_date	48	static
../Core/Src/main.c:387:6:battery_persentage	24	static
../Core/Src/main.c:764:6:SystemClock_Config	88	static,ignoring_inline_asm
../Core/Src/main.c:493:5:main	72	static,ignoring_inline_asm
../Core/Src/main.c:1093:6:Error_Handler	0	static,ignoring_inline_asm
