../Core/Src/stm32g4xx_hal_msp.c:64:6:HAL_MspInit	8	static
../Core/Src/stm32g4xx_hal_msp.c:91:6:HAL_ADC_MspInit	104	static
../Core/Src/stm32g4xx_hal_msp.c:138:6:HAL_ADC_MspDeInit	0	static
../Core/Src/stm32g4xx_hal_msp.c:168:6:HAL_I2C_MspInit	128	static
../Core/Src/stm32g4xx_hal_msp.c:223:6:HAL_I2C_MspDeInit	8	static
../Core/Src/stm32g4xx_hal_msp.c:254:6:HAL_RTC_MspInit	80	static
../Core/Src/stm32g4xx_hal_msp.c:290:6:HAL_RTC_MspDeInit	0	static
../Core/Src/stm32g4xx_hal_msp.c:313:6:HAL_UART_MspInit	104	static
../Core/Src/stm32g4xx_hal_msp.c:361:6:HAL_UART_MspDeInit	0	static
