../Core/Src/main.c:114:6:standby_data	8	static
../Core/Src/main.c:138:6:screen_status_data	8	static
../Core/Src/main.c:159:6:Qc_data	8	static
../Core/Src/main.c:179:6:pd_data	8	static
../Core/Src/main.c:198:6:dc9v_data	8	static
../Core/Src/main.c:219:6:dc12v_data	8	static
../Core/Src/main.c:238:6:AC_data	8	static
../Core/Src/main.c:258:6:initail_condition_off	8	static
../Core/Src/main.c:264:6:uart1_test_serial_data	4	static
../Core/Src/main.c:293:9:decToBcd	16	static
../Core/Src/main.c:299:5:bcdToDec	16	static
../Core/Src/main.c:320:6:set_time	40	static
../Core/Src/main.c:335:6:set_date	32	static
../Core/Src/main.c:351:6:get_time_date	48	static
../Core/Src/main.c:387:6:battery_persentage	8	static
../Core/Src/main.c:516:5:main	8	static
../Core/Src/main.c:788:6:SystemClock_Config	88	static
../Core/Src/main.c:835:13:MX_ADC1_Init	56	static
../Core/Src/main.c:902:13:MX_I2C1_Init	8	static
../Core/Src/main.c:949:13:MX_RTC_Init	8	static
../Core/Src/main.c:985:13:MX_USART1_UART_Init	8	static
../Core/Src/main.c:1032:13:MX_GPIO_Init	48	static
../Core/Src/main.c:1117:6:Error_Handler	4	static,ignoring_inline_asm
